exports[`Countdown controls component renders correctly 1`] = `
<div
  className="controls">
  <button
    className="button secondary"
    id="btnPause"
    onClick={[Function]}>
    Pause
  </button>
  <button
    className="button alert"
    id="btnClear"
    onClick={[Function]}>
    Clear
  </button>
</div>
`;
