exports[`Countdown component renders correctly 1`] = `
<div>
  <div
    className="clock">
    <span
      className="clock-text">
      00:00
    </span>
  </div>
  <div>
    <form
      onSubmit={[Function]}>
      <input
        placeholder="Enter type in seconds"
        type="text" />
      <button
        className="button expanded"
        type="submit">
        Start
      </button>
    </form>
  </div>
  
</div>
`;
